// Jest Snapshot v1, https://goo.gl/fbAQLP

exports[`app icon should render correctly 1`] = `
<div>
  <div>
    <a
      href="https://fake.link"
    >
      Open 
    </a>
  </div>
</div>
`;
