// Jest Snapshot v1, https://goo.gl/fbAQLP

exports[`Viewer should render the various viewers: audioviewer 1`] = `
<AudioViewer
  file={
    Object {
      "_id": "audiofileid",
      "class": "audio",
      "mime": "audio/mp3",
      "name": "sample.mp3",
    }
  }
  onClose={[Function]}
  url="https://testurl.com/audiofileid"
/>
`;

exports[`Viewer should render the various viewers: imageviewer 1`] = `
<ImageViewer
  file={
    Object {
      "_id": "imagefileid",
      "class": "image",
      "mime": "image/jpg",
      "name": "sample.jpg",
    }
  }
  onClose={[Function]}
/>
`;

exports[`Viewer should render the various viewers: markdownviewer 1`] = `
<withClient(TextViewer)
  file={
    Object {
      "_id": "markdownfileid",
      "class": "text",
      "mime": "text/markdown",
      "name": "sample.md",
    }
  }
  onClose={[Function]}
  url="https://testurl.com/markdownfileid"
/>
`;

exports[`Viewer should render the various viewers: noviewer 1`] = `
<NoViewer
  file={
    Object {
      "_id": "unknownfileid",
      "class": "???",
      "mime": "something/unsupported",
      "name": "sample.unsupported",
    }
  }
  onClose={[Function]}
  renderFallbackExtraContent={[Function]}
/>
`;

exports[`Viewer should render the various viewers: pdfviewer 1`] = `
<PdfJsViewer
  file={
    Object {
      "_id": "pdffileid",
      "class": "pdf",
      "mime": "application/pdf",
      "name": "sample.pdf",
    }
  }
  onClose={[Function]}
  url="https://testurl.com/pdffileid"
/>
`;

exports[`Viewer should render the various viewers: textviewer 1`] = `
<withClient(TextViewer)
  file={
    Object {
      "_id": "textfileid",
      "class": "text",
      "mime": "text/plain",
      "name": "sample.txt",
    }
  }
  onClose={[Function]}
  url="https://testurl.com/textfileid"
/>
`;

exports[`Viewer should render the various viewers: videoviewer 1`] = `
<VideoViewer
  file={
    Object {
      "_id": "videofileid",
      "class": "video",
      "mime": "video/mp4",
      "name": "sample.mp4",
    }
  }
  onClose={[Function]}
  url="https://testurl.com/videofileid"
/>
`;
