// Jest Snapshot v1, https://goo.gl/fbAQLP

exports[`ActionMenu should render examples 1`] = `
"<div>
  <div>
    <div>
      <button>Show action menu</button>
    </div>
  </div>
</div>"
`;
