// Jest Snapshot v1, https://goo.gl/fbAQLP

exports[`ActionMenu should render as expected 1`] = `
<div>
  <div
    class="styles__media___cSJMp styles__media--top___K9w0I styles__c-actionmenu-item___gODqd"
  >
    <div
      class="styles__img___3SHpG u-mh-1"
    >
      <svg
        class="styles__icon___23x3R"
        height="16"
        viewBox="0 0 16 16"
        width="16"
      >
        <defs>
          <path
            d="M1 1c0-.552.446-1 .998-1H10v5h5v10.004a1 1 0 01-1.007.996H2.007A1.002 1.002 0 011 15V1zm10 3V0l4 4h-4z"
            id="file_svg__a"
          />
        </defs>
        <use
          fill-rule="evenodd"
          xlink:href="#file_svg__a"
        />
      </svg>
    </div>
    <div
      class="styles__bd___1Uv-F u-mr-1 u-stack-xs"
    >
      Item 1 with onclick action
    </div>
    <div
      class="styles__img___3SHpG u-mr-1"
    >
      <svg
        class="styles__icon___23x3R"
        height="16"
        style="fill: var(--errorColor);"
        viewBox="0 0 16 16"
        width="16"
      >
        <path
          d="M7.022 1.736c.543-.959 1.428-.95 1.966 0l6.532 11.529c.543.958.094 1.735-1.016 1.735h-13C.399 15-.051 14.215.487 13.265l6.535-11.53zM7.004 13c0-.552.443-1 1-1 .552 0 1 .444 1 1 0 .553-.444 1-1 1-.553 0-1-.444-1-1zm0-7.997a.999.999 0 011-1.003c.552 0 1 .438 1 1.003v4.994a.999.999 0 01-1 1.003c-.553 0-1-.438-1-1.003V5.003z"
          fill-rule="evenodd"
        />
      </svg>
    </div>
  </div>
  <div
    class="styles__media___cSJMp styles__media--top___K9w0I styles__c-actionmenu-item___gODqd"
  >
    <div
      class="styles__img___3SHpG u-mh-1"
    >
      <svg
        class="styles__icon___23x3R"
        height="16"
        viewBox="0 0 16 16"
        width="16"
      >
        <defs>
          <path
            d="M1 1c0-.552.446-1 .998-1H10v5h5v10.004a1 1 0 01-1.007.996H2.007A1.002 1.002 0 011 15V1zm10 3V0l4 4h-4z"
            id="file_svg__a"
          />
        </defs>
        <use
          fill-rule="evenodd"
          xlink:href="#file_svg__a"
        />
      </svg>
    </div>
    <div
      class="styles__bd___1Uv-F u-mr-1 u-stack-xs"
    >
      Item 2 with dialog action
    </div>
  </div>
  <div
    class="styles__media___cSJMp styles__media--top___K9w0I styles__c-actionmenu-item___gODqd"
  >
    <div
      class="styles__img___3SHpG u-mh-1"
    >
      <label
        class="styles__c-input-radio___XJQt1 styles__c-actionmenu-radio___Km9uj"
      >
        <input
          type="radio"
          value=""
        />
        <span />
      </label>
    </div>
    <div
      class="styles__bd___1Uv-F u-mr-1 u-stack-xs"
    >
      Item 3
    </div>
  </div>
  <div
    class="styles__media___cSJMp styles__media--top___K9w0I styles__c-actionmenu-item___gODqd"
  >
    <div
      class="styles__img___3SHpG u-mh-1"
    >
      <svg
        class="styles__icon___23x3R"
        height="16"
        viewBox="0 0 16 16"
        width="16"
      >
        <defs>
          <path
            d="M1 1c0-.552.446-1 .998-1H10v5h5v10.004a1 1 0 01-1.007.996H2.007A1.002 1.002 0 011 15V1zm10 3V0l4 4h-4z"
            id="file_svg__a"
          />
        </defs>
        <use
          fill-rule="evenodd"
          xlink:href="#file_svg__a"
        />
      </svg>
    </div>
    <div
      class="styles__bd___1Uv-F u-mr-1 u-stack-xs"
    >
      <p
        class="MuiTypography-root MuiTypography-body1 MuiTypography-gutterBottom"
      >
        Item 4
      </p>
      <span
        class="MuiTypography-root MuiTypography-caption MuiTypography-colorTextSecondary"
      >
        Descriptive text to elaborate on what item 3 does.
      </span>
    </div>
  </div>
</div>
`;

exports[`ActionMenu should support null children 1`] = `
<div
  className="styles__c-actionmenu___22Fp1 styles__c-actionmenu--inline___1SXZa"
  onClick={[Function]}
  onTouchEnd={[Function]}
>
  <ActionMenuItem
    contentSpacing="xs"
  >
    Item 1
  </ActionMenuItem>
</div>
`;
