// Jest Snapshot v1, https://goo.gl/fbAQLP

exports[`Input component should support number type 1`] = `
<input
  className="styles__c-input-text___3TAv1 styles__c-input-text--large___28EaR"
  onChange={[MockFunction]}
  type="number"
  value="42"
/>
`;
